../Core/Src/main.c:103:5:_write	32	static
../Core/Src/main.c:133:6:set_i2s_freq	16	static
../Core/Src/main.c:155:6:process_buffer	1048	static
../Core/Src/main.c:181:6:HAL_I2S_TxCpltCallback	16	static
../Core/Src/main.c:185:6:HAL_I2S_TxHalfCpltCallback	16	static
../Core/Src/main.c:189:6:process_character	16	static
../Core/Src/main.c:218:6:HAL_UARTEx_RxEventCallback	16	static
../Core/Src/main.c:249:9:parse_wav_header	552	static
../Core/Src/main.c:308:6:list_wav_files	400	static
../Core/Src/main.c:344:5:main	1840	static
../Core/Src/main.c:613:6:SystemClock_Config	88	static
../Core/Src/main.c:659:13:MX_I2S2_Init	8	static
../Core/Src/main.c:693:13:MX_SPI1_Init	8	static
../Core/Src/main.c:731:13:MX_USART1_UART_Init	8	static
../Core/Src/main.c:762:13:MX_DMA_Init	16	static
../Core/Src/main.c:784:13:MX_GPIO_Init	40	static
../Core/Src/main.c:817:6:Error_Handler	4	static,ignoring_inline_asm
